Archive member included to satisfy reference by file (symbol)

/opt/st/stm32cubeide_1.4.0/plugins/com.st.stm32cube.ide.mcu.externaltools.gnu-tools-for-stm32.7-2018-q2-update.linux64_1.4.0.202007081208/tools/bin/../lib/gcc/arm-none-eabi/7.3.1/../../../../arm-none-eabi/lib/thumb/v7e-m/fpv4-sp/hard/libc_nano.a(lib_a-exit.o)
                              /opt/st/stm32cubeide_1.4.0/plugins/com.st.stm32cube.ide.mcu.externaltools.gnu-tools-for-stm32.7-2018-q2-update.linux64_1.4.0.202007081208/tools/bin/../lib/gcc/arm-none-eabi/7.3.1/../../../../arm-none-eabi/lib/thumb/v7e-m/fpv4-sp/hard/crt0.o (exit)
/opt/st/stm32cubeide_1.4.0/plugins/com.st.stm32cube.ide.mcu.externaltools.gnu-tools-for-stm32.7-2018-q2-update.linux64_1.4.0.202007081208/tools/bin/../lib/gcc/arm-none-eabi/7.3.1/../../../../arm-none-eabi/lib/thumb/v7e-m/fpv4-sp/hard/libc_nano.a(lib_a-impure.o)
                              /opt/st/stm32cubeide_1.4.0/plugins/com.st.stm32cube.ide.mcu.externaltools.gnu-tools-for-stm32.7-2018-q2-update.linux64_1.4.0.202007081208/tools/bin/../lib/gcc/arm-none-eabi/7.3.1/../../../../arm-none-eabi/lib/thumb/v7e-m/fpv4-sp/hard/libc_nano.a(lib_a-exit.o) (_global_impure_ptr)
/opt/st/stm32cubeide_1.4.0/plugins/com.st.stm32cube.ide.mcu.externaltools.gnu-tools-for-stm32.7-2018-q2-update.linux64_1.4.0.202007081208/tools/bin/../lib/gcc/arm-none-eabi/7.3.1/../../../../arm-none-eabi/lib/thumb/v7e-m/fpv4-sp/hard/libc_nano.a(lib_a-init.o)
                              /opt/st/stm32cubeide_1.4.0/plugins/com.st.stm32cube.ide.mcu.externaltools.gnu-tools-for-stm32.7-2018-q2-update.linux64_1.4.0.202007081208/tools/bin/../lib/gcc/arm-none-eabi/7.3.1/../../../../arm-none-eabi/lib/thumb/v7e-m/fpv4-sp/hard/crt0.o (__libc_init_array)
/opt/st/stm32cubeide_1.4.0/plugins/com.st.stm32cube.ide.mcu.externaltools.gnu-tools-for-stm32.7-2018-q2-update.linux64_1.4.0.202007081208/tools/bin/../lib/gcc/arm-none-eabi/7.3.1/../../../../arm-none-eabi/lib/thumb/v7e-m/fpv4-sp/hard/libc_nano.a(lib_a-memset.o)
                              /opt/st/stm32cubeide_1.4.0/plugins/com.st.stm32cube.ide.mcu.externaltools.gnu-tools-for-stm32.7-2018-q2-update.linux64_1.4.0.202007081208/tools/bin/../lib/gcc/arm-none-eabi/7.3.1/../../../../arm-none-eabi/lib/thumb/v7e-m/fpv4-sp/hard/crt0.o (memset)
/opt/st/stm32cubeide_1.4.0/plugins/com.st.stm32cube.ide.mcu.externaltools.gnu-tools-for-stm32.7-2018-q2-update.linux64_1.4.0.202007081208/tools/bin/../lib/gcc/arm-none-eabi/7.3.1/../../../../arm-none-eabi/lib/thumb/v7e-m/fpv4-sp/hard/libc_nano.a(lib_a-strlen.o)
                              Src/04spi_tx_arduino.o (strlen)
/opt/st/stm32cubeide_1.4.0/plugins/com.st.stm32cube.ide.mcu.externaltools.gnu-tools-for-stm32.7-2018-q2-update.linux64_1.4.0.202007081208/tools/bin/../lib/gcc/arm-none-eabi/7.3.1/../../../../arm-none-eabi/lib/thumb/v7e-m/fpv4-sp/hard/libnosys.a(_exit.o)
                              /opt/st/stm32cubeide_1.4.0/plugins/com.st.stm32cube.ide.mcu.externaltools.gnu-tools-for-stm32.7-2018-q2-update.linux64_1.4.0.202007081208/tools/bin/../lib/gcc/arm-none-eabi/7.3.1/../../../../arm-none-eabi/lib/thumb/v7e-m/fpv4-sp/hard/libc_nano.a(lib_a-exit.o) (_exit)

Discarded input sections

 .text          0x0000000000000000        0x0 /opt/st/stm32cubeide_1.4.0/plugins/com.st.stm32cube.ide.mcu.externaltools.gnu-tools-for-stm32.7-2018-q2-update.linux64_1.4.0.202007081208/tools/bin/../lib/gcc/arm-none-eabi/7.3.1/thumb/v7e-m/fpv4-sp/hard/crti.o
 .data          0x0000000000000000        0x0 /opt/st/stm32cubeide_1.4.0/plugins/com.st.stm32cube.ide.mcu.externaltools.gnu-tools-for-stm32.7-2018-q2-update.linux64_1.4.0.202007081208/tools/bin/../lib/gcc/arm-none-eabi/7.3.1/thumb/v7e-m/fpv4-sp/hard/crti.o
 .bss           0x0000000000000000        0x0 /opt/st/stm32cubeide_1.4.0/plugins/com.st.stm32cube.ide.mcu.externaltools.gnu-tools-for-stm32.7-2018-q2-update.linux64_1.4.0.202007081208/tools/bin/../lib/gcc/arm-none-eabi/7.3.1/thumb/v7e-m/fpv4-sp/hard/crti.o
 .data          0x0000000000000000        0x4 /opt/st/stm32cubeide_1.4.0/plugins/com.st.stm32cube.ide.mcu.externaltools.gnu-tools-for-stm32.7-2018-q2-update.linux64_1.4.0.202007081208/tools/bin/../lib/gcc/arm-none-eabi/7.3.1/thumb/v7e-m/fpv4-sp/hard/crtbegin.o
 .text          0x0000000000000000       0x74 /opt/st/stm32cubeide_1.4.0/plugins/com.st.stm32cube.ide.mcu.externaltools.gnu-tools-for-stm32.7-2018-q2-update.linux64_1.4.0.202007081208/tools/bin/../lib/gcc/arm-none-eabi/7.3.1/../../../../arm-none-eabi/lib/thumb/v7e-m/fpv4-sp/hard/crt0.o
 .data          0x0000000000000000        0x0 /opt/st/stm32cubeide_1.4.0/plugins/com.st.stm32cube.ide.mcu.externaltools.gnu-tools-for-stm32.7-2018-q2-update.linux64_1.4.0.202007081208/tools/bin/../lib/gcc/arm-none-eabi/7.3.1/../../../../arm-none-eabi/lib/thumb/v7e-m/fpv4-sp/hard/crt0.o
 .bss           0x0000000000000000        0x0 /opt/st/stm32cubeide_1.4.0/plugins/com.st.stm32cube.ide.mcu.externaltools.gnu-tools-for-stm32.7-2018-q2-update.linux64_1.4.0.202007081208/tools/bin/../lib/gcc/arm-none-eabi/7.3.1/../../../../arm-none-eabi/lib/thumb/v7e-m/fpv4-sp/hard/crt0.o
 .ARM.extab     0x0000000000000000        0x0 /opt/st/stm32cubeide_1.4.0/plugins/com.st.stm32cube.ide.mcu.externaltools.gnu-tools-for-stm32.7-2018-q2-update.linux64_1.4.0.202007081208/tools/bin/../lib/gcc/arm-none-eabi/7.3.1/../../../../arm-none-eabi/lib/thumb/v7e-m/fpv4-sp/hard/crt0.o
 .ARM.exidx     0x0000000000000000        0x8 /opt/st/stm32cubeide_1.4.0/plugins/com.st.stm32cube.ide.mcu.externaltools.gnu-tools-for-stm32.7-2018-q2-update.linux64_1.4.0.202007081208/tools/bin/../lib/gcc/arm-none-eabi/7.3.1/../../../../arm-none-eabi/lib/thumb/v7e-m/fpv4-sp/hard/crt0.o
 .ARM.attributes
                0x0000000000000000       0x20 /opt/st/stm32cubeide_1.4.0/plugins/com.st.stm32cube.ide.mcu.externaltools.gnu-tools-for-stm32.7-2018-q2-update.linux64_1.4.0.202007081208/tools/bin/../lib/gcc/arm-none-eabi/7.3.1/../../../../arm-none-eabi/lib/thumb/v7e-m/fpv4-sp/hard/crt0.o
 .group         0x0000000000000000        0xc Src/04spi_tx_arduino.o
 .group         0x0000000000000000        0xc Src/04spi_tx_arduino.o
 .group         0x0000000000000000        0xc Src/04spi_tx_arduino.o
 .group         0x0000000000000000        0xc Src/04spi_tx_arduino.o
 .group         0x0000000000000000        0xc Src/04spi_tx_arduino.o
 .group         0x0000000000000000        0xc Src/04spi_tx_arduino.o
 .group         0x0000000000000000        0xc Src/04spi_tx_arduino.o
 .group         0x0000000000000000        0xc Src/04spi_tx_arduino.o
 .group         0x0000000000000000        0xc Src/04spi_tx_arduino.o
 .group         0x0000000000000000        0xc Src/04spi_tx_arduino.o
 .group         0x0000000000000000        0xc Src/04spi_tx_arduino.o
 .group         0x0000000000000000        0xc Src/04spi_tx_arduino.o
 .group         0x0000000000000000        0xc Src/04spi_tx_arduino.o
 .group         0x0000000000000000        0xc Src/04spi_tx_arduino.o
 .group         0x0000000000000000        0xc Src/04spi_tx_arduino.o
 .group         0x0000000000000000        0xc Src/04spi_tx_arduino.o
 .group         0x0000000000000000        0xc Src/04spi_tx_arduino.o
 .group         0x0000000000000000        0xc Src/04spi_tx_arduino.o
 .group         0x0000000000000000        0xc Src/04spi_tx_arduino.o
 .group         0x0000000000000000        0xc Src/04spi_tx_arduino.o
 .group         0x0000000000000000        0xc Src/04spi_tx_arduino.o
 .group         0x0000000000000000        0xc Src/04spi_tx_arduino.o
 .group         0x0000000000000000        0xc Src/04spi_tx_arduino.o
 .group         0x0000000000000000        0xc Src/04spi_tx_arduino.o
 .group         0x0000000000000000        0xc Src/04spi_tx_arduino.o
 .group         0x0000000000000000        0xc Src/04spi_tx_arduino.o
 .text          0x0000000000000000        0x0 Src/04spi_tx_arduino.o
 .data          0x0000000000000000        0x0 Src/04spi_tx_arduino.o
 .bss           0x0000000000000000        0x0 Src/04spi_tx_arduino.o
 .text          0x0000000000000000       0x14 Startup/startup_stm32f411retx.o
 .data          0x0000000000000000        0x0 Startup/startup_stm32f411retx.o
 .bss           0x0000000000000000        0x0 Startup/startup_stm32f411retx.o
 .group         0x0000000000000000        0xc drivers/src/nucleof41xx_gpio_driver.o
 .group         0x0000000000000000        0xc drivers/src/nucleof41xx_gpio_driver.o
 .group         0x0000000000000000        0xc drivers/src/nucleof41xx_gpio_driver.o
 .group         0x0000000000000000        0xc drivers/src/nucleof41xx_gpio_driver.o
 .group         0x0000000000000000        0xc drivers/src/nucleof41xx_gpio_driver.o
 .group         0x0000000000000000        0xc drivers/src/nucleof41xx_gpio_driver.o
 .group         0x0000000000000000        0xc drivers/src/nucleof41xx_gpio_driver.o
 .group         0x0000000000000000        0xc drivers/src/nucleof41xx_gpio_driver.o
 .group         0x0000000000000000        0xc drivers/src/nucleof41xx_gpio_driver.o
 .group         0x0000000000000000        0xc drivers/src/nucleof41xx_gpio_driver.o
 .group         0x0000000000000000        0xc drivers/src/nucleof41xx_gpio_driver.o
 .group         0x0000000000000000        0xc drivers/src/nucleof41xx_gpio_driver.o
 .group         0x0000000000000000        0xc drivers/src/nucleof41xx_gpio_driver.o
 .group         0x0000000000000000        0xc drivers/src/nucleof41xx_gpio_driver.o
 .group         0x0000000000000000        0xc drivers/src/nucleof41xx_gpio_driver.o
 .group         0x0000000000000000        0xc drivers/src/nucleof41xx_gpio_driver.o
 .group         0x0000000000000000        0xc drivers/src/nucleof41xx_gpio_driver.o
 .group         0x0000000000000000        0xc drivers/src/nucleof41xx_gpio_driver.o
 .group         0x0000000000000000        0xc drivers/src/nucleof41xx_gpio_driver.o
 .group         0x0000000000000000        0xc drivers/src/nucleof41xx_gpio_driver.o
 .group         0x0000000000000000        0xc drivers/src/nucleof41xx_gpio_driver.o
 .group         0x0000000000000000        0xc drivers/src/nucleof41xx_gpio_driver.o
 .group         0x0000000000000000        0xc drivers/src/nucleof41xx_gpio_driver.o
 .group         0x0000000000000000        0xc drivers/src/nucleof41xx_gpio_driver.o
 .group         0x0000000000000000        0xc drivers/src/nucleof41xx_gpio_driver.o
 .group         0x0000000000000000        0xc drivers/src/nucleof41xx_gpio_driver.o
 .text          0x0000000000000000        0x0 drivers/src/nucleof41xx_gpio_driver.o
 .data          0x0000000000000000        0x0 drivers/src/nucleof41xx_gpio_driver.o
 .bss           0x0000000000000000        0x0 drivers/src/nucleof41xx_gpio_driver.o
 .text.GPIO_DeInit
                0x0000000000000000       0xfc drivers/src/nucleof41xx_gpio_driver.o
 .text.GPIO_ReadFromInputPort
                0x0000000000000000       0x1c drivers/src/nucleof41xx_gpio_driver.o
 .text.GPIO_WriteToOutputPin
                0x0000000000000000       0x4a drivers/src/nucleof41xx_gpio_driver.o
 .text.GPIO_WriteToOutputPort
                0x0000000000000000       0x1e drivers/src/nucleof41xx_gpio_driver.o
 .text.GPIO_ToggleOutputPin
                0x0000000000000000       0x2a drivers/src/nucleof41xx_gpio_driver.o
 .text.GPIO_IRQInterruptConfig
                0x0000000000000000      0x10c drivers/src/nucleof41xx_gpio_driver.o
 .text.GPIO_IRQPriorityConfig
                0x0000000000000000       0x54 drivers/src/nucleof41xx_gpio_driver.o
 .text.GPIO_IRQHandling
                0x0000000000000000       0x40 drivers/src/nucleof41xx_gpio_driver.o
 .debug_macro   0x0000000000000000      0xa66 drivers/src/nucleof41xx_gpio_driver.o
 .debug_macro   0x0000000000000000      0x174 drivers/src/nucleof41xx_gpio_driver.o
 .debug_macro   0x0000000000000000       0x22 drivers/src/nucleof41xx_gpio_driver.o
 .debug_macro   0x0000000000000000       0x8e drivers/src/nucleof41xx_gpio_driver.o
 .debug_macro   0x0000000000000000       0x51 drivers/src/nucleof41xx_gpio_driver.o
 .debug_macro   0x0000000000000000       0xef drivers/src/nucleof41xx_gpio_driver.o
 .debug_macro   0x0000000000000000       0x6a drivers/src/nucleof41xx_gpio_driver.o
 .debug_macro   0x0000000000000000      0x1df drivers/src/nucleof41xx_gpio_driver.o
 .debug_macro   0x0000000000000000       0x46 drivers/src/nucleof41xx_gpio_driver.o
 .debug_macro   0x0000000000000000       0x18 drivers/src/nucleof41xx_gpio_driver.o
 .debug_macro   0x0000000000000000       0x3c drivers/src/nucleof41xx_gpio_driver.o
 .debug_macro   0x0000000000000000       0x34 drivers/src/nucleof41xx_gpio_driver.o
 .debug_macro   0x0000000000000000       0x52 drivers/src/nucleof41xx_gpio_driver.o
 .debug_macro   0x0000000000000000       0x1f drivers/src/nucleof41xx_gpio_driver.o
 .debug_macro   0x0000000000000000       0x43 drivers/src/nucleof41xx_gpio_driver.o
 .debug_macro   0x0000000000000000       0x20 drivers/src/nucleof41xx_gpio_driver.o
 .debug_macro   0x0000000000000000      0x1a3 drivers/src/nucleof41xx_gpio_driver.o
 .debug_macro   0x0000000000000000      0x330 drivers/src/nucleof41xx_gpio_driver.o
 .debug_macro   0x0000000000000000       0x10 drivers/src/nucleof41xx_gpio_driver.o
 .debug_macro   0x0000000000000000       0x35 drivers/src/nucleof41xx_gpio_driver.o
 .debug_macro   0x0000000000000000       0x20 drivers/src/nucleof41xx_gpio_driver.o
 .debug_macro   0x0000000000000000      0x6f0 drivers/src/nucleof41xx_gpio_driver.o
 .debug_macro   0x0000000000000000       0xd6 drivers/src/nucleof41xx_gpio_driver.o
 .debug_macro   0x0000000000000000      0x106 drivers/src/nucleof41xx_gpio_driver.o
 .debug_macro   0x0000000000000000       0xc4 drivers/src/nucleof41xx_gpio_driver.o
 .group         0x0000000000000000        0xc drivers/src/nucleof41xx_i2c_driver.o
 .group         0x0000000000000000        0xc drivers/src/nucleof41xx_i2c_driver.o
 .group         0x0000000000000000        0xc drivers/src/nucleof41xx_i2c_driver.o
 .group         0x0000000000000000        0xc drivers/src/nucleof41xx_i2c_driver.o
 .group         0x0000000000000000        0xc drivers/src/nucleof41xx_i2c_driver.o
 .group         0x0000000000000000        0xc drivers/src/nucleof41xx_i2c_driver.o
 .group         0x0000000000000000        0xc drivers/src/nucleof41xx_i2c_driver.o
 .group         0x0000000000000000        0xc drivers/src/nucleof41xx_i2c_driver.o
 .group         0x0000000000000000        0xc drivers/src/nucleof41xx_i2c_driver.o
 .group         0x0000000000000000        0xc drivers/src/nucleof41xx_i2c_driver.o
 .group         0x0000000000000000        0xc drivers/src/nucleof41xx_i2c_driver.o
 .group         0x0000000000000000        0xc drivers/src/nucleof41xx_i2c_driver.o
 .group         0x0000000000000000        0xc drivers/src/nucleof41xx_i2c_driver.o
 .group         0x0000000000000000        0xc drivers/src/nucleof41xx_i2c_driver.o
 .group         0x0000000000000000        0xc drivers/src/nucleof41xx_i2c_driver.o
 .group         0x0000000000000000        0xc drivers/src/nucleof41xx_i2c_driver.o
 .group         0x0000000000000000        0xc drivers/src/nucleof41xx_i2c_driver.o
 .group         0x0000000000000000        0xc drivers/src/nucleof41xx_i2c_driver.o
 .group         0x0000000000000000        0xc drivers/src/nucleof41xx_i2c_driver.o
 .group         0x0000000000000000        0xc drivers/src/nucleof41xx_i2c_driver.o
 .group         0x0000000000000000        0xc drivers/src/nucleof41xx_i2c_driver.o
 .group         0x0000000000000000        0xc drivers/src/nucleof41xx_i2c_driver.o
 .group         0x0000000000000000        0xc drivers/src/nucleof41xx_i2c_driver.o
 .group         0x0000000000000000        0xc drivers/src/nucleof41xx_i2c_driver.o
 .group         0x0000000000000000        0xc drivers/src/nucleof41xx_i2c_driver.o
 .group         0x0000000000000000        0xc drivers/src/nucleof41xx_i2c_driver.o
 .text          0x0000000000000000        0x0 drivers/src/nucleof41xx_i2c_driver.o
 .data          0x0000000000000000        0x0 drivers/src/nucleof41xx_i2c_driver.o
 .bss           0x0000000000000000        0x0 drivers/src/nucleof41xx_i2c_driver.o
 .text.I2C_GenerateStartCondition
                0x0000000000000000       0x20 drivers/src/nucleof41xx_i2c_driver.o
 .text.I2C_GenerateStopCondition
                0x0000000000000000       0x20 drivers/src/nucleof41xx_i2c_driver.o
 .text.I2C_ExecuteAddressPhaseWrite
                0x0000000000000000       0x2c drivers/src/nucleof41xx_i2c_driver.o
 .text.I2C_ExecuteAddressPhaseRead
                0x0000000000000000       0x2c drivers/src/nucleof41xx_i2c_driver.o
 .text.I2C_ClearADDRFlag
                0x0000000000000000       0x6e drivers/src/nucleof41xx_i2c_driver.o
 .text.I2C_PeriClockControl
                0x0000000000000000       0xb0 drivers/src/nucleof41xx_i2c_driver.o
 .text.I2C_Init
                0x0000000000000000      0x154 drivers/src/nucleof41xx_i2c_driver.o
 .text.I2C_DeInit
                0x0000000000000000       0x14 drivers/src/nucleof41xx_i2c_driver.o
 .text.I2C_GetFlagStatus
                0x0000000000000000       0x28 drivers/src/nucleof41xx_i2c_driver.o
 .text.I2C_MasterSendData
                0x0000000000000000       0xc6 drivers/src/nucleof41xx_i2c_driver.o
 .text.I2C_MasterReveiveData
                0x0000000000000000      0x11c drivers/src/nucleof41xx_i2c_driver.o
 .text.I2C_ManageAcking
                0x0000000000000000       0x38 drivers/src/nucleof41xx_i2c_driver.o
 .text.I2C_MasterSendDataIT
                0x0000000000000000       0x86 drivers/src/nucleof41xx_i2c_driver.o
 .text.I2C_MasterReveiveDataIT
                0x0000000000000000       0x8c drivers/src/nucleof41xx_i2c_driver.o
 .text.I2C_MasterHandleTXEInterrupt
                0x0000000000000000       0x3c drivers/src/nucleof41xx_i2c_driver.o
 .text.I2C_MasterHandleRXNEInterrupt
                0x0000000000000000       0x98 drivers/src/nucleof41xx_i2c_driver.o
 .text.I2C_EV_IRQHandling
                0x0000000000000000      0x1b8 drivers/src/nucleof41xx_i2c_driver.o
 .text.I2C_CloseReceiveData
                0x0000000000000000       0x5c drivers/src/nucleof41xx_i2c_driver.o
 .text.I2C_CloseSendData
                0x0000000000000000       0x46 drivers/src/nucleof41xx_i2c_driver.o
 .text.I2C_SlaveSendData
                0x0000000000000000       0x1e drivers/src/nucleof41xx_i2c_driver.o
 .text.I2C_SlaveReveiveData
                0x0000000000000000       0x1a drivers/src/nucleof41xx_i2c_driver.o
 .text.I2C_ER_IRQHandling
                0x0000000000000000      0x10c drivers/src/nucleof41xx_i2c_driver.o
 .debug_info    0x0000000000000000     0x10e8 drivers/src/nucleof41xx_i2c_driver.o
 .debug_abbrev  0x0000000000000000      0x2cb drivers/src/nucleof41xx_i2c_driver.o
 .debug_aranges
                0x0000000000000000       0xc8 drivers/src/nucleof41xx_i2c_driver.o
 .debug_ranges  0x0000000000000000       0xb8 drivers/src/nucleof41xx_i2c_driver.o
 .debug_macro   0x0000000000000000      0x183 drivers/src/nucleof41xx_i2c_driver.o
 .debug_macro   0x0000000000000000      0xa66 drivers/src/nucleof41xx_i2c_driver.o
 .debug_macro   0x0000000000000000      0x174 drivers/src/nucleof41xx_i2c_driver.o
 .debug_macro   0x0000000000000000       0x22 drivers/src/nucleof41xx_i2c_driver.o
 .debug_macro   0x0000000000000000       0x8e drivers/src/nucleof41xx_i2c_driver.o
 .debug_macro   0x0000000000000000       0x51 drivers/src/nucleof41xx_i2c_driver.o
 .debug_macro   0x0000000000000000       0xef drivers/src/nucleof41xx_i2c_driver.o
 .debug_macro   0x0000000000000000       0x6a drivers/src/nucleof41xx_i2c_driver.o
 .debug_macro   0x0000000000000000      0x1df drivers/src/nucleof41xx_i2c_driver.o
 .debug_macro   0x0000000000000000       0x46 drivers/src/nucleof41xx_i2c_driver.o
 .debug_macro   0x0000000000000000       0x18 drivers/src/nucleof41xx_i2c_driver.o
 .debug_macro   0x0000000000000000       0x3c drivers/src/nucleof41xx_i2c_driver.o
 .debug_macro   0x0000000000000000       0x34 drivers/src/nucleof41xx_i2c_driver.o
 .debug_macro   0x0000000000000000       0x52 drivers/src/nucleof41xx_i2c_driver.o
 .debug_macro   0x0000000000000000       0x1f drivers/src/nucleof41xx_i2c_driver.o
 .debug_macro   0x0000000000000000       0x43 drivers/src/nucleof41xx_i2c_driver.o
 .debug_macro   0x0000000000000000       0x20 drivers/src/nucleof41xx_i2c_driver.o
 .debug_macro   0x0000000000000000      0x1a3 drivers/src/nucleof41xx_i2c_driver.o
 .debug_macro   0x0000000000000000      0x330 drivers/src/nucleof41xx_i2c_driver.o
 .debug_macro   0x0000000000000000       0x10 drivers/src/nucleof41xx_i2c_driver.o
 .debug_macro   0x0000000000000000       0x35 drivers/src/nucleof41xx_i2c_driver.o
 .debug_macro   0x0000000000000000       0x20 drivers/src/nucleof41xx_i2c_driver.o
 .debug_macro   0x0000000000000000      0x6f0 drivers/src/nucleof41xx_i2c_driver.o
 .debug_macro   0x0000000000000000       0xc4 drivers/src/nucleof41xx_i2c_driver.o
 .debug_macro   0x0000000000000000       0xc4 drivers/src/nucleof41xx_i2c_driver.o
 .debug_macro   0x0000000000000000      0x106 drivers/src/nucleof41xx_i2c_driver.o
 .debug_macro   0x0000000000000000       0xd0 drivers/src/nucleof41xx_i2c_driver.o
 .debug_line    0x0000000000000000      0x8c6 drivers/src/nucleof41xx_i2c_driver.o
 .debug_str     0x0000000000000000     0x9b3e drivers/src/nucleof41xx_i2c_driver.o
 .comment       0x0000000000000000       0x7c drivers/src/nucleof41xx_i2c_driver.o
 .debug_frame   0x0000000000000000      0x358 drivers/src/nucleof41xx_i2c_driver.o
 .ARM.attributes
                0x0000000000000000       0x39 drivers/src/nucleof41xx_i2c_driver.o
 .group         0x0000000000000000        0xc drivers/src/nucleof41xx_rcc_driver.o
 .group         0x0000000000000000        0xc drivers/src/nucleof41xx_rcc_driver.o
 .group         0x0000000000000000        0xc drivers/src/nucleof41xx_rcc_driver.o
 .group         0x0000000000000000        0xc drivers/src/nucleof41xx_rcc_driver.o
 .group         0x0000000000000000        0xc drivers/src/nucleof41xx_rcc_driver.o
 .group         0x0000000000000000        0xc drivers/src/nucleof41xx_rcc_driver.o
 .group         0x0000000000000000        0xc drivers/src/nucleof41xx_rcc_driver.o
 .group         0x0000000000000000        0xc drivers/src/nucleof41xx_rcc_driver.o
 .group         0x0000000000000000        0xc drivers/src/nucleof41xx_rcc_driver.o
 .group         0x0000000000000000        0xc drivers/src/nucleof41xx_rcc_driver.o
 .group         0x0000000000000000        0xc drivers/src/nucleof41xx_rcc_driver.o
 .group         0x0000000000000000        0xc drivers/src/nucleof41xx_rcc_driver.o
 .group         0x0000000000000000        0xc drivers/src/nucleof41xx_rcc_driver.o
 .group         0x0000000000000000        0xc drivers/src/nucleof41xx_rcc_driver.o
 .group         0x0000000000000000        0xc drivers/src/nucleof41xx_rcc_driver.o
 .group         0x0000000000000000        0xc drivers/src/nucleof41xx_rcc_driver.o
 .group         0x0000000000000000        0xc drivers/src/nucleof41xx_rcc_driver.o
 .group         0x0000000000000000        0xc drivers/src/nucleof41xx_rcc_driver.o
 .group         0x0000000000000000        0xc drivers/src/nucleof41xx_rcc_driver.o
 .group         0x0000000000000000        0xc drivers/src/nucleof41xx_rcc_driver.o
 .group         0x0000000000000000        0xc drivers/src/nucleof41xx_rcc_driver.o
 .group         0x0000000000000000        0xc drivers/src/nucleof41xx_rcc_driver.o
 .group         0x0000000000000000        0xc drivers/src/nucleof41xx_rcc_driver.o
 .group         0x0000000000000000        0xc drivers/src/nucleof41xx_rcc_driver.o
 .group         0x0000000000000000        0xc drivers/src/nucleof41xx_rcc_driver.o
 .group         0x0000000000000000        0xc drivers/src/nucleof41xx_rcc_driver.o
 .text          0x0000000000000000        0x0 drivers/src/nucleof41xx_rcc_driver.o
 .data          0x0000000000000000        0x0 drivers/src/nucleof41xx_rcc_driver.o
 .bss           0x0000000000000000        0x0 drivers/src/nucleof41xx_rcc_driver.o
 .data.AHB_PreScaler
                0x0000000000000000       0x10 drivers/src/nucleof41xx_rcc_driver.o
 .data.APB_PreScaler
                0x0000000000000000        0x4 drivers/src/nucleof41xx_rcc_driver.o
 .text.RCC_GetPCLK1Value
                0x0000000000000000       0xb0 drivers/src/nucleof41xx_rcc_driver.o
 .text.RCC_GetPCLK2Value
                0x0000000000000000       0xa0 drivers/src/nucleof41xx_rcc_driver.o
 .text.RCC_GetPLLOutputClock
                0x0000000000000000       0x10 drivers/src/nucleof41xx_rcc_driver.o
 .debug_info    0x0000000000000000      0xb7e drivers/src/nucleof41xx_rcc_driver.o
 .debug_abbrev  0x0000000000000000      0x1d1 drivers/src/nucleof41xx_rcc_driver.o
 .debug_aranges
                0x0000000000000000       0x30 drivers/src/nucleof41xx_rcc_driver.o
 .debug_ranges  0x0000000000000000       0x20 drivers/src/nucleof41xx_rcc_driver.o
 .debug_macro   0x0000000000000000      0x17d drivers/src/nucleof41xx_rcc_driver.o
 .debug_macro   0x0000000000000000      0xa66 drivers/src/nucleof41xx_rcc_driver.o
 .debug_macro   0x0000000000000000      0x174 drivers/src/nucleof41xx_rcc_driver.o
 .debug_macro   0x0000000000000000       0x22 drivers/src/nucleof41xx_rcc_driver.o
 .debug_macro   0x0000000000000000       0x8e drivers/src/nucleof41xx_rcc_driver.o
 .debug_macro   0x0000000000000000       0x51 drivers/src/nucleof41xx_rcc_driver.o
 .debug_macro   0x0000000000000000       0xef drivers/src/nucleof41xx_rcc_driver.o
 .debug_macro   0x0000000000000000       0x6a drivers/src/nucleof41xx_rcc_driver.o
 .debug_macro   0x0000000000000000      0x1df drivers/src/nucleof41xx_rcc_driver.o
 .debug_macro   0x0000000000000000       0x46 drivers/src/nucleof41xx_rcc_driver.o
 .debug_macro   0x0000000000000000       0x18 drivers/src/nucleof41xx_rcc_driver.o
 .debug_macro   0x0000000000000000       0x3c drivers/src/nucleof41xx_rcc_driver.o
 .debug_macro   0x0000000000000000       0x34 drivers/src/nucleof41xx_rcc_driver.o
 .debug_macro   0x0000000000000000       0x52 drivers/src/nucleof41xx_rcc_driver.o
 .debug_macro   0x0000000000000000       0x1f drivers/src/nucleof41xx_rcc_driver.o
 .debug_macro   0x0000000000000000       0x43 drivers/src/nucleof41xx_rcc_driver.o
 .debug_macro   0x0000000000000000       0x20 drivers/src/nucleof41xx_rcc_driver.o
 .debug_macro   0x0000000000000000      0x1a3 drivers/src/nucleof41xx_rcc_driver.o
 .debug_macro   0x0000000000000000      0x330 drivers/src/nucleof41xx_rcc_driver.o
 .debug_macro   0x0000000000000000       0x10 drivers/src/nucleof41xx_rcc_driver.o
 .debug_macro   0x0000000000000000       0x35 drivers/src/nucleof41xx_rcc_driver.o
 .debug_macro   0x0000000000000000       0x20 drivers/src/nucleof41xx_rcc_driver.o
 .debug_macro   0x0000000000000000      0x6f0 drivers/src/nucleof41xx_rcc_driver.o
 .debug_macro   0x0000000000000000       0xc4 drivers/src/nucleof41xx_rcc_driver.o
 .debug_macro   0x0000000000000000       0xc4 drivers/src/nucleof41xx_rcc_driver.o
 .debug_macro   0x0000000000000000       0xd6 drivers/src/nucleof41xx_rcc_driver.o
 .debug_macro   0x0000000000000000      0x106 drivers/src/nucleof41xx_rcc_driver.o
 .debug_line    0x0000000000000000      0x5e8 drivers/src/nucleof41xx_rcc_driver.o
 .debug_str     0x0000000000000000     0x98dd drivers/src/nucleof41xx_rcc_driver.o
 .comment       0x0000000000000000       0x7c drivers/src/nucleof41xx_rcc_driver.o
 .debug_frame   0x0000000000000000       0x7c drivers/src/nucleof41xx_rcc_driver.o
 .ARM.attributes
                0x0000000000000000       0x39 drivers/src/nucleof41xx_rcc_driver.o
 .group         0x0000000000000000        0xc drivers/src/nucleof41xx_spi_driver.o
 .group         0x0000000000000000        0xc drivers/src/nucleof41xx_spi_driver.o
 .group         0x0000000000000000        0xc drivers/src/nucleof41xx_spi_driver.o
 .group         0x0000000000000000        0xc drivers/src/nucleof41xx_spi_driver.o
 .group         0x0000000000000000        0xc drivers/src/nucleof41xx_spi_driver.o
 .group         0x0000000000000000        0xc drivers/src/nucleof41xx_spi_driver.o
 .group         0x0000000000000000        0xc drivers/src/nucleof41xx_spi_driver.o
 .group         0x0000000000000000        0xc drivers/src/nucleof41xx_spi_driver.o
 .group         0x0000000000000000        0xc drivers/src/nucleof41xx_spi_driver.o
 .group         0x0000000000000000        0xc drivers/src/nucleof41xx_spi_driver.o
 .group         0x0000000000000000        0xc drivers/src/nucleof41xx_spi_driver.o
 .group         0x0000000000000000        0xc drivers/src/nucleof41xx_spi_driver.o
 .group         0x0000000000000000        0xc drivers/src/nucleof41xx_spi_driver.o
 .group         0x0000000000000000        0xc drivers/src/nucleof41xx_spi_driver.o
 .group         0x0000000000000000        0xc drivers/src/nucleof41xx_spi_driver.o
 .group         0x0000000000000000        0xc drivers/src/nucleof41xx_spi_driver.o
 .group         0x0000000000000000        0xc drivers/src/nucleof41xx_spi_driver.o
 .group         0x0000000000000000        0xc drivers/src/nucleof41xx_spi_driver.o
 .group         0x0000000000000000        0xc drivers/src/nucleof41xx_spi_driver.o
 .group         0x0000000000000000        0xc drivers/src/nucleof41xx_spi_driver.o
 .group         0x0000000000000000        0xc drivers/src/nucleof41xx_spi_driver.o
 .group         0x0000000000000000        0xc drivers/src/nucleof41xx_spi_driver.o
 .group         0x0000000000000000        0xc drivers/src/nucleof41xx_spi_driver.o
 .group         0x0000000000000000        0xc drivers/src/nucleof41xx_spi_driver.o
 .group         0x0000000000000000        0xc drivers/src/nucleof41xx_spi_driver.o
 .group         0x0000000000000000        0xc drivers/src/nucleof41xx_spi_driver.o
 .text          0x0000000000000000        0x0 drivers/src/nucleof41xx_spi_driver.o
 .data          0x0000000000000000        0x0 drivers/src/nucleof41xx_spi_driver.o
 .bss           0x0000000000000000        0x0 drivers/src/nucleof41xx_spi_driver.o
 .text.SPI_DeInit
                0x0000000000000000       0x14 drivers/src/nucleof41xx_spi_driver.o
 .text.SPI_ReceiveData
                0x0000000000000000       0x6c drivers/src/nucleof41xx_spi_driver.o
 .text.SPI_SSIConfig
                0x0000000000000000       0x38 drivers/src/nucleof41xx_spi_driver.o
 .text.SPI_IRQInterruptConfig
                0x0000000000000000      0x10c drivers/src/nucleof41xx_spi_driver.o
 .text.SPI_IRQPriorityConfig
                0x0000000000000000       0x18 drivers/src/nucleof41xx_spi_driver.o
 .text.SPI_SendDataIT
                0x0000000000000000       0x4a drivers/src/nucleof41xx_spi_driver.o
 .text.SPI_ReceiveDataIT
                0x0000000000000000       0x4a drivers/src/nucleof41xx_spi_driver.o
 .text.SPI_IRQHandling
                0x0000000000000000       0x9a drivers/src/nucleof41xx_spi_driver.o
 .text.spi_txe_interrupt_handle
                0x0000000000000000       0x86 drivers/src/nucleof41xx_spi_driver.o
 .text.spi_rxne_interrupt_handle
                0x0000000000000000       0x88 drivers/src/nucleof41xx_spi_driver.o
 .text.spi_ovr_err_interrupt_handle
                0x0000000000000000       0x30 drivers/src/nucleof41xx_spi_driver.o
 .text.SPI_CloseTransmission
                0x0000000000000000       0x36 drivers/src/nucleof41xx_spi_driver.o
 .text.SPI_CloseReception
                0x0000000000000000       0x36 drivers/src/nucleof41xx_spi_driver.o
 .text.SPI_ClearOVRFlag
                0x0000000000000000       0x20 drivers/src/nucleof41xx_spi_driver.o
 .text.SPI_ApplicationEventCallBack
                0x0000000000000000       0x18 drivers/src/nucleof41xx_spi_driver.o
 .debug_macro   0x0000000000000000      0xa66 drivers/src/nucleof41xx_spi_driver.o
 .debug_macro   0x0000000000000000      0x174 drivers/src/nucleof41xx_spi_driver.o
 .debug_macro   0x0000000000000000       0x22 drivers/src/nucleof41xx_spi_driver.o
 .debug_macro   0x0000000000000000       0x8e drivers/src/nucleof41xx_spi_driver.o
 .debug_macro   0x0000000000000000       0x51 drivers/src/nucleof41xx_spi_driver.o
 .debug_macro   0x0000000000000000       0xef drivers/src/nucleof41xx_spi_driver.o
 .debug_macro   0x0000000000000000       0x6a drivers/src/nucleof41xx_spi_driver.o
 .debug_macro   0x0000000000000000      0x1df drivers/src/nucleof41xx_spi_driver.o
 .debug_macro   0x0000000000000000       0x46 drivers/src/nucleof41xx_spi_driver.o
 .debug_macro   0x0000000000000000       0x18 drivers/src/nucleof41xx_spi_driver.o
 .debug_macro   0x0000000000000000       0x3c drivers/src/nucleof41xx_spi_driver.o
 .debug_macro   0x0000000000000000       0x34 drivers/src/nucleof41xx_spi_driver.o
 .debug_macro   0x0000000000000000       0x52 drivers/src/nucleof41xx_spi_driver.o
 .debug_macro   0x0000000000000000       0x1f drivers/src/nucleof41xx_spi_driver.o
 .debug_macro   0x0000000000000000       0x43 drivers/src/nucleof41xx_spi_driver.o
 .debug_macro   0x0000000000000000       0x20 drivers/src/nucleof41xx_spi_driver.o
 .debug_macro   0x0000000000000000      0x1a3 drivers/src/nucleof41xx_spi_driver.o
 .debug_macro   0x0000000000000000      0x330 drivers/src/nucleof41xx_spi_driver.o
 .debug_macro   0x0000000000000000       0x10 drivers/src/nucleof41xx_spi_driver.o
 .debug_macro   0x0000000000000000       0x35 drivers/src/nucleof41xx_spi_driver.o
 .debug_macro   0x0000000000000000       0x20 drivers/src/nucleof41xx_spi_driver.o
 .debug_macro   0x0000000000000000      0x6f0 drivers/src/nucleof41xx_spi_driver.o
 .debug_macro   0x0000000000000000       0xc4 drivers/src/nucleof41xx_spi_driver.o
 .debug_macro   0x0000000000000000       0xd6 drivers/src/nucleof41xx_spi_driver.o
 .debug_macro   0x0000000000000000      0x106 drivers/src/nucleof41xx_spi_driver.o
 .debug_macro   0x0000000000000000       0xbe drivers/src/nucleof41xx_spi_driver.o
 .group         0x0000000000000000        0xc drivers/src/nucleof41xx_usart_driver.o
 .group         0x0000000000000000        0xc drivers/src/nucleof41xx_usart_driver.o
 .group         0x0000000000000000        0xc drivers/src/nucleof41xx_usart_driver.o
 .group         0x0000000000000000        0xc drivers/src/nucleof41xx_usart_driver.o
 .group         0x0000000000000000        0xc drivers/src/nucleof41xx_usart_driver.o
 .group         0x0000000000000000        0xc drivers/src/nucleof41xx_usart_driver.o
 .group         0x0000000000000000        0xc drivers/src/nucleof41xx_usart_driver.o
 .group         0x0000000000000000        0xc drivers/src/nucleof41xx_usart_driver.o
 .group         0x0000000000000000        0xc drivers/src/nucleof41xx_usart_driver.o
 .group         0x0000000000000000        0xc drivers/src/nucleof41xx_usart_driver.o
 .group         0x0000000000000000        0xc drivers/src/nucleof41xx_usart_driver.o
 .group         0x0000000000000000        0xc drivers/src/nucleof41xx_usart_driver.o
 .group         0x0000000000000000        0xc drivers/src/nucleof41xx_usart_driver.o
 .group         0x0000000000000000        0xc drivers/src/nucleof41xx_usart_driver.o
 .group         0x0000000000000000        0xc drivers/src/nucleof41xx_usart_driver.o
 .group         0x0000000000000000        0xc drivers/src/nucleof41xx_usart_driver.o
 .group         0x0000000000000000        0xc drivers/src/nucleof41xx_usart_driver.o
 .group         0x0000000000000000        0xc drivers/src/nucleof41xx_usart_driver.o
 .group         0x0000000000000000        0xc drivers/src/nucleof41xx_usart_driver.o
 .group         0x0000000000000000        0xc drivers/src/nucleof41xx_usart_driver.o
 .group         0x0000000000000000        0xc drivers/src/nucleof41xx_usart_driver.o
 .group         0x0000000000000000        0xc drivers/src/nucleof41xx_usart_driver.o
 .group         0x0000000000000000        0xc drivers/src/nucleof41xx_usart_driver.o
 .group         0x0000000000000000        0xc drivers/src/nucleof41xx_usart_driver.o
 .group         0x0000000000000000        0xc drivers/src/nucleof41xx_usart_driver.o
 .group         0x0000000000000000        0xc drivers/src/nucleof41xx_usart_driver.o
 .text          0x0000000000000000        0x0 drivers/src/nucleof41xx_usart_driver.o
 .data          0x0000000000000000        0x0 drivers/src/nucleof41xx_usart_driver.o
 .bss           0x0000000000000000        0x0 drivers/src/nucleof41xx_usart_driver.o
 .text.USART_PeriClockControl
                0x0000000000000000       0xb0 drivers/src/nucleof41xx_usart_driver.o
 .text.USART_Init
                0x0000000000000000       0xfe drivers/src/nucleof41xx_usart_driver.o
 .text.USART_DeInit
                0x0000000000000000       0x14 drivers/src/nucleof41xx_usart_driver.o
 .text.USART_SendData
                0x0000000000000000       0x9a drivers/src/nucleof41xx_usart_driver.o
 .text.USART_ReveiveData
                0x0000000000000000       0xae drivers/src/nucleof41xx_usart_driver.o
 .text.USART_SendDataIT
                0x0000000000000000       0x5c drivers/src/nucleof41xx_usart_driver.o
 .text.USART_ReveiveDataIT
                0x0000000000000000       0x4c drivers/src/nucleof41xx_usart_driver.o
 .text.USART_IRQInterruptConfig
                0x0000000000000000       0x1c drivers/src/nucleof41xx_usart_driver.o
 .text.USART_IRQHandling
                0x0000000000000000      0x358 drivers/src/nucleof41xx_usart_driver.o
 .text.USART_SetBaudRate
                0x0000000000000000       0xe4 drivers/src/nucleof41xx_usart_driver.o
 .debug_info    0x0000000000000000      0xf87 drivers/src/nucleof41xx_usart_driver.o
 .debug_abbrev  0x0000000000000000      0x290 drivers/src/nucleof41xx_usart_driver.o
 .debug_aranges
                0x0000000000000000       0x68 drivers/src/nucleof41xx_usart_driver.o
 .debug_ranges  0x0000000000000000       0x58 drivers/src/nucleof41xx_usart_driver.o
 .debug_macro   0x0000000000000000      0x183 drivers/src/nucleof41xx_usart_driver.o
 .debug_macro   0x0000000000000000      0xa66 drivers/src/nucleof41xx_usart_driver.o
 .debug_macro   0x0000000000000000      0x174 drivers/src/nucleof41xx_usart_driver.o
 .debug_macro   0x0000000000000000       0x22 drivers/src/nucleof41xx_usart_driver.o
 .debug_macro   0x0000000000000000       0x8e drivers/src/nucleof41xx_usart_driver.o
 .debug_macro   0x0000000000000000       0x51 drivers/src/nucleof41xx_usart_driver.o
 .debug_macro   0x0000000000000000       0xef drivers/src/nucleof41xx_usart_driver.o
 .debug_macro   0x0000000000000000       0x6a drivers/src/nucleof41xx_usart_driver.o
 .debug_macro   0x0000000000000000      0x1df drivers/src/nucleof41xx_usart_driver.o
 .debug_macro   0x0000000000000000       0x46 drivers/src/nucleof41xx_usart_driver.o
 .debug_macro   0x0000000000000000       0x18 drivers/src/nucleof41xx_usart_driver.o
 .debug_macro   0x0000000000000000       0x3c drivers/src/nucleof41xx_usart_driver.o
 .debug_macro   0x0000000000000000       0x34 drivers/src/nucleof41xx_usart_driver.o
 .debug_macro   0x0000000000000000       0x52 drivers/src/nucleof41xx_usart_driver.o
 .debug_macro   0x0000000000000000       0x1f drivers/src/nucleof41xx_usart_driver.o
 .debug_macro   0x0000000000000000       0x43 drivers/src/nucleof41xx_usart_driver.o
 .debug_macro   0x0000000000000000       0x20 drivers/src/nucleof41xx_usart_driver.o
 .debug_macro   0x0000000000000000      0x1a3 drivers/src/nucleof41xx_usart_driver.o
 .debug_macro   0x0000000000000000      0x330 drivers/src/nucleof41xx_usart_driver.o
 .debug_macro   0x0000000000000000       0x10 drivers/src/nucleof41xx_usart_driver.o
 .debug_macro   0x0000000000000000       0x35 drivers/src/nucleof41xx_usart_driver.o
 .debug_macro   0x0000000000000000       0x20 drivers/src/nucleof41xx_usart_driver.o
 .debug_macro   0x0000000000000000      0x6f0 drivers/src/nucleof41xx_usart_driver.o
 .debug_macro   0x0000000000000000       0xc4 drivers/src/nucleof41xx_usart_driver.o
 .debug_macro   0x0000000000000000       0xc4 drivers/src/nucleof41xx_usart_driver.o
 .debug_macro   0x0000000000000000       0xd6 drivers/src/nucleof41xx_usart_driver.o
 .debug_macro   0x0000000000000000      0x100 drivers/src/nucleof41xx_usart_driver.o
 .debug_line    0x0000000000000000      0x771 drivers/src/nucleof41xx_usart_driver.o
 .debug_str     0x0000000000000000     0x9a6a drivers/src/nucleof41xx_usart_driver.o
 .comment       0x0000000000000000       0x7c drivers/src/nucleof41xx_usart_driver.o
 .debug_frame   0x0000000000000000      0x190 drivers/src/nucleof41xx_usart_driver.o
 .ARM.attributes
                0x0000000000000000       0x39 drivers/src/nucleof41xx_usart_driver.o
 .text          0x0000000000000000        0x0 /opt/st/stm32cubeide_1.4.0/plugins/com.st.stm32cube.ide.mcu.externaltools.gnu-tools-for-stm32.7-2018-q2-update.linux64_1.4.0.202007081208/tools/bin/../lib/gcc/arm-none-eabi/7.3.1/../../../../arm-none-eabi/lib/thumb/v7e-m/fpv4-sp/hard/libc_nano.a(lib_a-exit.o)
 .data          0x0000000000000000        0x0 /opt/st/stm32cubeide_1.4.0/plugins/com.st.stm32cube.ide.mcu.externaltools.gnu-tools-for-stm32.7-2018-q2-update.linux64_1.4.0.202007081208/tools/bin/../lib/gcc/arm-none-eabi/7.3.1/../../../../arm-none-eabi/lib/thumb/v7e-m/fpv4-sp/hard/libc_nano.a(lib_a-exit.o)
 .bss           0x0000000000000000        0x0 /opt/st/stm32cubeide_1.4.0/plugins/com.st.stm32cube.ide.mcu.externaltools.gnu-tools-for-stm32.7-2018-q2-update.linux64_1.4.0.202007081208/tools/bin/../lib/gcc/arm-none-eabi/7.3.1/../../../../arm-none-eabi/lib/thumb/v7e-m/fpv4-sp/hard/libc_nano.a(lib_a-exit.o)
 .text.exit     0x0000000000000000       0x28 /opt/st/stm32cubeide_1.4.0/plugins/com.st.stm32cube.ide.mcu.externaltools.gnu-tools-for-stm32.7-2018-q2-update.linux64_1.4.0.202007081208/tools/bin/../lib/gcc/arm-none-eabi/7.3.1/../../../../arm-none-eabi/lib/thumb/v7e-m/fpv4-sp/hard/libc_nano.a(lib_a-exit.o)
 .debug_frame   0x0000000000000000       0x28 /opt/st/stm32cubeide_1.4.0/plugins/com.st.stm32cube.ide.mcu.externaltools.gnu-tools-for-stm32.7-2018-q2-update.linux64_1.4.0.202007081208/tools/bin/../lib/gcc/arm-none-eabi/7.3.1/../../../../arm-none-eabi/lib/thumb/v7e-m/fpv4-sp/hard/libc_nano.a(lib_a-exit.o)
 .ARM.attributes
                0x0000000000000000       0x34 /opt/st/stm32cubeide_1.4.0/plugins/com.st.stm32cube.ide.mcu.externaltools.gnu-tools-for-stm32.7-2018-q2-update.linux64_1.4.0.202007081208/tools/bin/../lib/gcc/arm-none-eabi/7.3.1/../../../../arm-none-eabi/lib/thumb/v7e-m/fpv4-sp/hard/libc_nano.a(lib_a-exit.o)
 .text          0x0000000000000000        0x0 /opt/st/stm32cubeide_1.4.0/plugins/com.st.stm32cube.ide.mcu.externaltools.gnu-tools-for-stm32.7-2018-q2-update.linux64_1.4.0.202007081208/tools/bin/../lib/gcc/arm-none-eabi/7.3.1/../../../../arm-none-eabi/lib/thumb/v7e-m/fpv4-sp/hard/libc_nano.a(lib_a-impure.o)
 .data          0x0000000000000000        0x0 /opt/st/stm32cubeide_1.4.0/plugins/com.st.stm32cube.ide.mcu.externaltools.gnu-tools-for-stm32.7-2018-q2-update.linux64_1.4.0.202007081208/tools/bin/../lib/gcc/arm-none-eabi/7.3.1/../../../../arm-none-eabi/lib/thumb/v7e-m/fpv4-sp/hard/libc_nano.a(lib_a-impure.o)
 .bss           0x0000000000000000        0x0 /opt/st/stm32cubeide_1.4.0/plugins/com.st.stm32cube.ide.mcu.externaltools.gnu-tools-for-stm32.7-2018-q2-update.linux64_1.4.0.202007081208/tools/bin/../lib/gcc/arm-none-eabi/7.3.1/../../../../arm-none-eabi/lib/thumb/v7e-m/fpv4-sp/hard/libc_nano.a(lib_a-impure.o)
 .data._impure_ptr
                0x0000000000000000        0x4 /opt/st/stm32cubeide_1.4.0/plugins/com.st.stm32cube.ide.mcu.externaltools.gnu-tools-for-stm32.7-2018-q2-update.linux64_1.4.0.202007081208/tools/bin/../lib/gcc/arm-none-eabi/7.3.1/../../../../arm-none-eabi/lib/thumb/v7e-m/fpv4-sp/hard/libc_nano.a(lib_a-impure.o)
 .data.impure_data
                0x0000000000000000       0x60 /opt/st/stm32cubeide_1.4.0/plugins/com.st.stm32cube.ide.mcu.externaltools.gnu-tools-for-stm32.7-2018-q2-update.linux64_1.4.0.202007081208/tools/bin/../lib/gcc/arm-none-eabi/7.3.1/../../../../arm-none-eabi/lib/thumb/v7e-m/fpv4-sp/hard/libc_nano.a(lib_a-impure.o)
 .rodata._global_impure_ptr
                0x0000000000000000        0x4 /opt/st/stm32cubeide_1.4.0/plugins/com.st.stm32cube.ide.mcu.externaltools.gnu-tools-for-stm32.7-2018-q2-update.linux64_1.4.0.202007081208/tools/bin/../lib/gcc/arm-none-eabi/7.3.1/../../../../arm-none-eabi/lib/thumb/v7e-m/fpv4-sp/hard/libc_nano.a(lib_a-impure.o)
 .ARM.attributes
                0x0000000000000000       0x34 /opt/st/stm32cubeide_1.4.0/plugins/com.st.stm32cube.ide.mcu.externaltools.gnu-tools-for-stm32.7-2018-q2-update.linux64_1.4.0.202007081208/tools/bin/../lib/gcc/arm-none-eabi/7.3.1/../../../../arm-none-eabi/lib/thumb/v7e-m/fpv4-sp/hard/libc_nano.a(lib_a-impure.o)
 .text          0x0000000000000000        0x0 /opt/st/stm32cubeide_1.4.0/plugins/com.st.stm32cube.ide.mcu.externaltools.gnu-tools-for-stm32.7-2018-q2-update.linux64_1.4.0.202007081208/tools/bin/../lib/gcc/arm-none-eabi/7.3.1/../../../../arm-none-eabi/lib/thumb/v7e-m/fpv4-sp/hard/libc_nano.a(lib_a-init.o)
 .data          0x0000000000000000        0x0 /opt/st/stm32cubeide_1.4.0/plugins/com.st.stm32cube.ide.mcu.externaltools.gnu-tools-for-stm32.7-2018-q2-update.linux64_1.4.0.202007081208/tools/bin/../lib/gcc/arm-none-eabi/7.3.1/../../../../arm-none-eabi/lib/thumb/v7e-m/fpv4-sp/hard/libc_nano.a(lib_a-init.o)
 .bss           0x0000000000000000        0x0 /opt/st/stm32cubeide_1.4.0/plugins/com.st.stm32cube.ide.mcu.externaltools.gnu-tools-for-stm32.7-2018-q2-update.linux64_1.4.0.202007081208/tools/bin/../lib/gcc/arm-none-eabi/7.3.1/../../../../arm-none-eabi/lib/thumb/v7e-m/fpv4-sp/hard/libc_nano.a(lib_a-init.o)
 .text          0x0000000000000000        0x0 /opt/st/stm32cubeide_1.4.0/plugins/com.st.stm32cube.ide.mcu.externaltools.gnu-tools-for-stm32.7-2018-q2-update.linux64_1.4.0.202007081208/tools/bin/../lib/gcc/arm-none-eabi/7.3.1/../../../../arm-none-eabi/lib/thumb/v7e-m/fpv4-sp/hard/libc_nano.a(lib_a-memset.o)
 .data          0x0000000000000000        0x0 /opt/st/stm32cubeide_1.4.0/plugins/com.st.stm32cube.ide.mcu.externaltools.gnu-tools-for-stm32.7-2018-q2-update.linux64_1.4.0.202007081208/tools/bin/../lib/gcc/arm-none-eabi/7.3.1/../../../../arm-none-eabi/lib/thumb/v7e-m/fpv4-sp/hard/libc_nano.a(lib_a-memset.o)
 .bss           0x0000000000000000        0x0 /opt/st/stm32cubeide_1.4.0/plugins/com.st.stm32cube.ide.mcu.externaltools.gnu-tools-for-stm32.7-2018-q2-update.linux64_1.4.0.202007081208/tools/bin/../lib/gcc/arm-none-eabi/7.3.1/../../../../arm-none-eabi/lib/thumb/v7e-m/fpv4-sp/hard/libc_nano.a(lib_a-memset.o)
 .text.memset   0x0000000000000000       0x10 /opt/st/stm32cubeide_1.4.0/plugins/com.st.stm32cube.ide.mcu.externaltools.gnu-tools-for-stm32.7-2018-q2-update.linux64_1.4.0.202007081208/tools/bin/../lib/gcc/arm-none-eabi/7.3.1/../../../../arm-none-eabi/lib/thumb/v7e-m/fpv4-sp/hard/libc_nano.a(lib_a-memset.o)
 .debug_frame   0x0000000000000000       0x20 /opt/st/stm32cubeide_1.4.0/plugins/com.st.stm32cube.ide.mcu.externaltools.gnu-tools-for-stm32.7-2018-q2-update.linux64_1.4.0.202007081208/tools/bin/../lib/gcc/arm-none-eabi/7.3.1/../../../../arm-none-eabi/lib/thumb/v7e-m/fpv4-sp/hard/libc_nano.a(lib_a-memset.o)
 .ARM.attributes
                0x0000000000000000       0x34 /opt/st/stm32cubeide_1.4.0/plugins/com.st.stm32cube.ide.mcu.externaltools.gnu-tools-for-stm32.7-2018-q2-update.linux64_1.4.0.202007081208/tools/bin/../lib/gcc/arm-none-eabi/7.3.1/../../../../arm-none-eabi/lib/thumb/v7e-m/fpv4-sp/hard/libc_nano.a(lib_a-memset.o)
 .data          0x0000000000000000        0x0 /opt/st/stm32cubeide_1.4.0/plugins/com.st.stm32cube.ide.mcu.externaltools.gnu-tools-for-stm32.7-2018-q2-update.linux64_1.4.0.202007081208/tools/bin/../lib/gcc/arm-none-eabi/7.3.1/../../../../arm-none-eabi/lib/thumb/v7e-m/fpv4-sp/hard/libc_nano.a(lib_a-strlen.o)
 .bss           0x0000000000000000        0x0 /opt/st/stm32cubeide_1.4.0/plugins/com.st.stm32cube.ide.mcu.externaltools.gnu-tools-for-stm32.7-2018-q2-update.linux64_1.4.0.202007081208/tools/bin/../lib/gcc/arm-none-eabi/7.3.1/../../../../arm-none-eabi/lib/thumb/v7e-m/fpv4-sp/hard/libc_nano.a(lib_a-strlen.o)
 .text          0x0000000000000000        0x0 /opt/st/stm32cubeide_1.4.0/plugins/com.st.stm32cube.ide.mcu.externaltools.gnu-tools-for-stm32.7-2018-q2-update.linux64_1.4.0.202007081208/tools/bin/../lib/gcc/arm-none-eabi/7.3.1/../../../../arm-none-eabi/lib/thumb/v7e-m/fpv4-sp/hard/libnosys.a(_exit.o)
 .data          0x0000000000000000        0x0 /opt/st/stm32cubeide_1.4.0/plugins/com.st.stm32cube.ide.mcu.externaltools.gnu-tools-for-stm32.7-2018-q2-update.linux64_1.4.0.202007081208/tools/bin/../lib/gcc/arm-none-eabi/7.3.1/../../../../arm-none-eabi/lib/thumb/v7e-m/fpv4-sp/hard/libnosys.a(_exit.o)
 .bss           0x0000000000000000        0x0 /opt/st/stm32cubeide_1.4.0/plugins/com.st.stm32cube.ide.mcu.externaltools.gnu-tools-for-stm32.7-2018-q2-update.linux64_1.4.0.202007081208/tools/bin/../lib/gcc/arm-none-eabi/7.3.1/../../../../arm-none-eabi/lib/thumb/v7e-m/fpv4-sp/hard/libnosys.a(_exit.o)
 .text._exit    0x0000000000000000        0x2 /opt/st/stm32cubeide_1.4.0/plugins/com.st.stm32cube.ide.mcu.externaltools.gnu-tools-for-stm32.7-2018-q2-update.linux64_1.4.0.202007081208/tools/bin/../lib/gcc/arm-none-eabi/7.3.1/../../../../arm-none-eabi/lib/thumb/v7e-m/fpv4-sp/hard/libnosys.a(_exit.o)
 .debug_frame   0x0000000000000000       0x20 /opt/st/stm32cubeide_1.4.0/plugins/com.st.stm32cube.ide.mcu.externaltools.gnu-tools-for-stm32.7-2018-q2-update.linux64_1.4.0.202007081208/tools/bin/../lib/gcc/arm-none-eabi/7.3.1/../../../../arm-none-eabi/lib/thumb/v7e-m/fpv4-sp/hard/libnosys.a(_exit.o)
 .ARM.attributes
                0x0000000000000000       0x34 /opt/st/stm32cubeide_1.4.0/plugins/com.st.stm32cube.ide.mcu.externaltools.gnu-tools-for-stm32.7-2018-q2-update.linux64_1.4.0.202007081208/tools/bin/../lib/gcc/arm-none-eabi/7.3.1/../../../../arm-none-eabi/lib/thumb/v7e-m/fpv4-sp/hard/libnosys.a(_exit.o)
 .text          0x0000000000000000        0x0 /opt/st/stm32cubeide_1.4.0/plugins/com.st.stm32cube.ide.mcu.externaltools.gnu-tools-for-stm32.7-2018-q2-update.linux64_1.4.0.202007081208/tools/bin/../lib/gcc/arm-none-eabi/7.3.1/thumb/v7e-m/fpv4-sp/hard/crtend.o
 .data          0x0000000000000000        0x0 /opt/st/stm32cubeide_1.4.0/plugins/com.st.stm32cube.ide.mcu.externaltools.gnu-tools-for-stm32.7-2018-q2-update.linux64_1.4.0.202007081208/tools/bin/../lib/gcc/arm-none-eabi/7.3.1/thumb/v7e-m/fpv4-sp/hard/crtend.o
 .bss           0x0000000000000000        0x0 /opt/st/stm32cubeide_1.4.0/plugins/com.st.stm32cube.ide.mcu.externaltools.gnu-tools-for-stm32.7-2018-q2-update.linux64_1.4.0.202007081208/tools/bin/../lib/gcc/arm-none-eabi/7.3.1/thumb/v7e-m/fpv4-sp/hard/crtend.o
 .eh_frame      0x0000000000000000        0x4 /opt/st/stm32cubeide_1.4.0/plugins/com.st.stm32cube.ide.mcu.externaltools.gnu-tools-for-stm32.7-2018-q2-update.linux64_1.4.0.202007081208/tools/bin/../lib/gcc/arm-none-eabi/7.3.1/thumb/v7e-m/fpv4-sp/hard/crtend.o
 .ARM.attributes
                0x0000000000000000       0x34 /opt/st/stm32cubeide_1.4.0/plugins/com.st.stm32cube.ide.mcu.externaltools.gnu-tools-for-stm32.7-2018-q2-update.linux64_1.4.0.202007081208/tools/bin/../lib/gcc/arm-none-eabi/7.3.1/thumb/v7e-m/fpv4-sp/hard/crtend.o
 .text          0x0000000000000000        0x0 /opt/st/stm32cubeide_1.4.0/plugins/com.st.stm32cube.ide.mcu.externaltools.gnu-tools-for-stm32.7-2018-q2-update.linux64_1.4.0.202007081208/tools/bin/../lib/gcc/arm-none-eabi/7.3.1/thumb/v7e-m/fpv4-sp/hard/crtn.o
 .data          0x0000000000000000        0x0 /opt/st/stm32cubeide_1.4.0/plugins/com.st.stm32cube.ide.mcu.externaltools.gnu-tools-for-stm32.7-2018-q2-update.linux64_1.4.0.202007081208/tools/bin/../lib/gcc/arm-none-eabi/7.3.1/thumb/v7e-m/fpv4-sp/hard/crtn.o
 .bss           0x0000000000000000        0x0 /opt/st/stm32cubeide_1.4.0/plugins/com.st.stm32cube.ide.mcu.externaltools.gnu-tools-for-stm32.7-2018-q2-update.linux64_1.4.0.202007081208/tools/bin/../lib/gcc/arm-none-eabi/7.3.1/thumb/v7e-m/fpv4-sp/hard/crtn.o

Memory Configuration

Name             Origin             Length             Attributes
RAM              0x0000000020000000 0x0000000000020000 xrw
ROM              0x0000000008000000 0x0000000000080000 xr
*default*        0x0000000000000000 0xffffffffffffffff

Linker script and memory map

LOAD /opt/st/stm32cubeide_1.4.0/plugins/com.st.stm32cube.ide.mcu.externaltools.gnu-tools-for-stm32.7-2018-q2-update.linux64_1.4.0.202007081208/tools/bin/../lib/gcc/arm-none-eabi/7.3.1/thumb/v7e-m/fpv4-sp/hard/crti.o
LOAD /opt/st/stm32cubeide_1.4.0/plugins/com.st.stm32cube.ide.mcu.externaltools.gnu-tools-for-stm32.7-2018-q2-update.linux64_1.4.0.202007081208/tools/bin/../lib/gcc/arm-none-eabi/7.3.1/thumb/v7e-m/fpv4-sp/hard/crtbegin.o
LOAD /opt/st/stm32cubeide_1.4.0/plugins/com.st.stm32cube.ide.mcu.externaltools.gnu-tools-for-stm32.7-2018-q2-update.linux64_1.4.0.202007081208/tools/bin/../lib/gcc/arm-none-eabi/7.3.1/../../../../arm-none-eabi/lib/thumb/v7e-m/fpv4-sp/hard/crt0.o
LOAD Src/04spi_tx_arduino.o
LOAD Startup/startup_stm32f411retx.o
LOAD drivers/src/nucleof41xx_gpio_driver.o
LOAD drivers/src/nucleof41xx_i2c_driver.o
LOAD drivers/src/nucleof41xx_rcc_driver.o
LOAD drivers/src/nucleof41xx_spi_driver.o
LOAD drivers/src/nucleof41xx_usart_driver.o
START GROUP
LOAD /opt/st/stm32cubeide_1.4.0/plugins/com.st.stm32cube.ide.mcu.externaltools.gnu-tools-for-stm32.7-2018-q2-update.linux64_1.4.0.202007081208/tools/bin/../lib/gcc/arm-none-eabi/7.3.1/../../../../arm-none-eabi/lib/thumb/v7e-m/fpv4-sp/hard/libc_nano.a
LOAD /opt/st/stm32cubeide_1.4.0/plugins/com.st.stm32cube.ide.mcu.externaltools.gnu-tools-for-stm32.7-2018-q2-update.linux64_1.4.0.202007081208/tools/bin/../lib/gcc/arm-none-eabi/7.3.1/../../../../arm-none-eabi/lib/thumb/v7e-m/fpv4-sp/hard/libm.a
END GROUP
START GROUP
LOAD /opt/st/stm32cubeide_1.4.0/plugins/com.st.stm32cube.ide.mcu.externaltools.gnu-tools-for-stm32.7-2018-q2-update.linux64_1.4.0.202007081208/tools/bin/../lib/gcc/arm-none-eabi/7.3.1/thumb/v7e-m/fpv4-sp/hard/libgcc.a
LOAD /opt/st/stm32cubeide_1.4.0/plugins/com.st.stm32cube.ide.mcu.externaltools.gnu-tools-for-stm32.7-2018-q2-update.linux64_1.4.0.202007081208/tools/bin/../lib/gcc/arm-none-eabi/7.3.1/../../../../arm-none-eabi/lib/thumb/v7e-m/fpv4-sp/hard/libc_nano.a
END GROUP
START GROUP
LOAD /opt/st/stm32cubeide_1.4.0/plugins/com.st.stm32cube.ide.mcu.externaltools.gnu-tools-for-stm32.7-2018-q2-update.linux64_1.4.0.202007081208/tools/bin/../lib/gcc/arm-none-eabi/7.3.1/thumb/v7e-m/fpv4-sp/hard/libgcc.a
LOAD /opt/st/stm32cubeide_1.4.0/plugins/com.st.stm32cube.ide.mcu.externaltools.gnu-tools-for-stm32.7-2018-q2-update.linux64_1.4.0.202007081208/tools/bin/../lib/gcc/arm-none-eabi/7.3.1/../../../../arm-none-eabi/lib/thumb/v7e-m/fpv4-sp/hard/libc_nano.a
LOAD /opt/st/stm32cubeide_1.4.0/plugins/com.st.stm32cube.ide.mcu.externaltools.gnu-tools-for-stm32.7-2018-q2-update.linux64_1.4.0.202007081208/tools/bin/../lib/gcc/arm-none-eabi/7.3.1/../../../../arm-none-eabi/lib/thumb/v7e-m/fpv4-sp/hard/libnosys.a
END GROUP
START GROUP
LOAD /opt/st/stm32cubeide_1.4.0/plugins/com.st.stm32cube.ide.mcu.externaltools.gnu-tools-for-stm32.7-2018-q2-update.linux64_1.4.0.202007081208/tools/bin/../lib/gcc/arm-none-eabi/7.3.1/thumb/v7e-m/fpv4-sp/hard/libgcc.a
LOAD /opt/st/stm32cubeide_1.4.0/plugins/com.st.stm32cube.ide.mcu.externaltools.gnu-tools-for-stm32.7-2018-q2-update.linux64_1.4.0.202007081208/tools/bin/../lib/gcc/arm-none-eabi/7.3.1/../../../../arm-none-eabi/lib/thumb/v7e-m/fpv4-sp/hard/libc_nano.a
LOAD /opt/st/stm32cubeide_1.4.0/plugins/com.st.stm32cube.ide.mcu.externaltools.gnu-tools-for-stm32.7-2018-q2-update.linux64_1.4.0.202007081208/tools/bin/../lib/gcc/arm-none-eabi/7.3.1/../../../../arm-none-eabi/lib/thumb/v7e-m/fpv4-sp/hard/libnosys.a
END GROUP
LOAD /opt/st/stm32cubeide_1.4.0/plugins/com.st.stm32cube.ide.mcu.externaltools.gnu-tools-for-stm32.7-2018-q2-update.linux64_1.4.0.202007081208/tools/bin/../lib/gcc/arm-none-eabi/7.3.1/thumb/v7e-m/fpv4-sp/hard/crtend.o
LOAD /opt/st/stm32cubeide_1.4.0/plugins/com.st.stm32cube.ide.mcu.externaltools.gnu-tools-for-stm32.7-2018-q2-update.linux64_1.4.0.202007081208/tools/bin/../lib/gcc/arm-none-eabi/7.3.1/thumb/v7e-m/fpv4-sp/hard/crtn.o
                0x0000000020020000                _estack = (ORIGIN (RAM) + LENGTH (RAM))
                0x0000000000000200                _Min_Heap_Size = 0x200
                0x0000000000000400                _Min_Stack_Size = 0x400

.isr_vector     0x0000000008000000      0x198
                0x0000000008000000                . = ALIGN (0x4)
 *(.isr_vector)
 .isr_vector    0x0000000008000000      0x198 Startup/startup_stm32f411retx.o
                0x0000000008000000                g_pfnVectors
                0x0000000008000198                . = ALIGN (0x4)

.text           0x0000000008000198      0x9b8
                0x0000000008000198                . = ALIGN (0x4)
 *(.text)
 .text          0x0000000008000198       0x40 /opt/st/stm32cubeide_1.4.0/plugins/com.st.stm32cube.ide.mcu.externaltools.gnu-tools-for-stm32.7-2018-q2-update.linux64_1.4.0.202007081208/tools/bin/../lib/gcc/arm-none-eabi/7.3.1/thumb/v7e-m/fpv4-sp/hard/crtbegin.o
 .text          0x00000000080001d8       0x10 /opt/st/stm32cubeide_1.4.0/plugins/com.st.stm32cube.ide.mcu.externaltools.gnu-tools-for-stm32.7-2018-q2-update.linux64_1.4.0.202007081208/tools/bin/../lib/gcc/arm-none-eabi/7.3.1/../../../../arm-none-eabi/lib/thumb/v7e-m/fpv4-sp/hard/libc_nano.a(lib_a-strlen.o)
                0x00000000080001d8                strlen
 *(.text*)
 .text.delay    0x00000000080001e8       0x2c Src/04spi_tx_arduino.o
                0x00000000080001e8                delay
 .text.SPI2_GPIOInits
                0x0000000008000214       0x50 Src/04spi_tx_arduino.o
                0x0000000008000214                SPI2_GPIOInits
 .text.SPI2_Inits
                0x0000000008000264       0x3c Src/04spi_tx_arduino.o
                0x0000000008000264                SPI2_Inits
 .text.GPIO_ButtonInit
                0x00000000080002a0       0x30 Src/04spi_tx_arduino.o
                0x00000000080002a0                GPIO_ButtonInit
 .text.main     0x00000000080002d0       0x9c Src/04spi_tx_arduino.o
                0x00000000080002d0                main
 .text.Reset_Handler
                0x000000000800036c       0x54 Startup/startup_stm32f411retx.o
                0x000000000800036c                Reset_Handler
 .text.Default_Handler
                0x00000000080003c0        0x2 Startup/startup_stm32f411retx.o
                0x00000000080003c0                RTC_Alarm_IRQHandler
                0x00000000080003c0                EXTI2_IRQHandler
                0x00000000080003c0                DebugMon_Handler
                0x00000000080003c0                SPI4_IRQHandler
                0x00000000080003c0                TIM1_CC_IRQHandler
                0x00000000080003c0                DMA2_Stream5_IRQHandler
                0x00000000080003c0                HardFault_Handler
                0x00000000080003c0                DMA1_Stream5_IRQHandler
                0x00000000080003c0                SysTick_Handler
                0x00000000080003c0                PVD_IRQHandler
                0x00000000080003c0                SDIO_IRQHandler
                0x00000000080003c0                TAMP_STAMP_IRQHandler
                0x00000000080003c0                PendSV_Handler
                0x00000000080003c0                NMI_Handler
                0x00000000080003c0                EXTI3_IRQHandler
                0x00000000080003c0                TIM1_UP_TIM10_IRQHandler
                0x00000000080003c0                I2C3_ER_IRQHandler
                0x00000000080003c0                EXTI0_IRQHandler
                0x00000000080003c0                I2C2_EV_IRQHandler
                0x00000000080003c0                DMA1_Stream2_IRQHandler
                0x00000000080003c0                FPU_IRQHandler
                0x00000000080003c0                UsageFault_Handler
                0x00000000080003c0                DMA2_Stream2_IRQHandler
                0x00000000080003c0                SPI1_IRQHandler
                0x00000000080003c0                TIM1_BRK_TIM9_IRQHandler
                0x00000000080003c0                DMA2_Stream3_IRQHandler
                0x00000000080003c0                USART6_IRQHandler
                0x00000000080003c0                DMA2_Stream0_IRQHandler
                0x00000000080003c0                TIM4_IRQHandler
                0x00000000080003c0                I2C1_EV_IRQHandler
                0x00000000080003c0                DMA1_Stream6_IRQHandler
                0x00000000080003c0                DMA1_Stream1_IRQHandler
                0x00000000080003c0                TIM3_IRQHandler
                0x00000000080003c0                RCC_IRQHandler
                0x00000000080003c0                Default_Handler
                0x00000000080003c0                EXTI15_10_IRQHandler
                0x00000000080003c0                ADC_IRQHandler
                0x00000000080003c0                DMA1_Stream7_IRQHandler
                0x00000000080003c0                SPI5_IRQHandler
                0x00000000080003c0                TIM5_IRQHandler
                0x00000000080003c0                DMA2_Stream7_IRQHandler
                0x00000000080003c0                I2C3_EV_IRQHandler
                0x00000000080003c0                EXTI9_5_IRQHandler
                0x00000000080003c0                RTC_WKUP_IRQHandler
                0x00000000080003c0                SPI2_IRQHandler
                0x00000000080003c0                MemManage_Handler
                0x00000000080003c0                DMA1_Stream0_IRQHandler
                0x00000000080003c0                SVC_Handler
                0x00000000080003c0                EXTI4_IRQHandler
                0x00000000080003c0                WWDG_IRQHandler
                0x00000000080003c0                TIM2_IRQHandler
                0x00000000080003c0                OTG_FS_WKUP_IRQHandler
                0x00000000080003c0                TIM1_TRG_COM_TIM11_IRQHandler
                0x00000000080003c0                EXTI1_IRQHandler
                0x00000000080003c0                USART2_IRQHandler
                0x00000000080003c0                I2C2_ER_IRQHandler
                0x00000000080003c0                DMA2_Stream1_IRQHandler
                0x00000000080003c0                FLASH_IRQHandler
                0x00000000080003c0                DMA2_Stream4_IRQHandler
                0x00000000080003c0                BusFault_Handler
                0x00000000080003c0                USART1_IRQHandler
                0x00000000080003c0                OTG_FS_IRQHandler
                0x00000000080003c0                SPI3_IRQHandler
                0x00000000080003c0                DMA1_Stream4_IRQHandler
                0x00000000080003c0                I2C1_ER_IRQHandler
                0x00000000080003c0                DMA2_Stream6_IRQHandler
                0x00000000080003c0                DMA1_Stream3_IRQHandler
 *fill*         0x00000000080003c2        0x2 
 .text.GPIO_PeriClockControl
                0x00000000080003c4      0x140 drivers/src/nucleof41xx_gpio_driver.o
                0x00000000080003c4                GPIO_PeriClockControl
 .text.GPIO_Init
                0x0000000008000504      0x304 drivers/src/nucleof41xx_gpio_driver.o
                0x0000000008000504                GPIO_Init
 .text.GPIO_ReadFromInputPin
                0x0000000008000808       0x2c drivers/src/nucleof41xx_gpio_driver.o
                0x0000000008000808                GPIO_ReadFromInputPin
 .text.SPI_PeriClockControl
                0x0000000008000834      0x110 drivers/src/nucleof41xx_spi_driver.o
                0x0000000008000834                SPI_PeriClockControl
 .text.SPI_Init
                0x0000000008000944       0xa8 drivers/src/nucleof41xx_spi_driver.o
                0x0000000008000944                SPI_Init
 .text.SPI_GetFlagStatus
                0x00000000080009ec       0x28 drivers/src/nucleof41xx_spi_driver.o
                0x00000000080009ec                SPI_GetFlagStatus
 .text.SPI_SendData
                0x0000000008000a14       0x6c drivers/src/nucleof41xx_spi_driver.o
                0x0000000008000a14                SPI_SendData
 .text.SPI_PeripheralControl
                0x0000000008000a80       0x38 drivers/src/nucleof41xx_spi_driver.o
                0x0000000008000a80                SPI_PeripheralControl
 .text.SPI_SSOEConfig
                0x0000000008000ab8       0x38 drivers/src/nucleof41xx_spi_driver.o
                0x0000000008000ab8                SPI_SSOEConfig
 .text.__libc_init_array
                0x0000000008000af0       0x48 /opt/st/stm32cubeide_1.4.0/plugins/com.st.stm32cube.ide.mcu.externaltools.gnu-tools-for-stm32.7-2018-q2-update.linux64_1.4.0.202007081208/tools/bin/../lib/gcc/arm-none-eabi/7.3.1/../../../../arm-none-eabi/lib/thumb/v7e-m/fpv4-sp/hard/libc_nano.a(lib_a-init.o)
                0x0000000008000af0                __libc_init_array
 *(.glue_7)
 .glue_7        0x0000000008000b38        0x0 linker stubs
 *(.glue_7t)
 .glue_7t       0x0000000008000b38        0x0 linker stubs
 *(.eh_frame)
 .eh_frame      0x0000000008000b38        0x0 /opt/st/stm32cubeide_1.4.0/plugins/com.st.stm32cube.ide.mcu.externaltools.gnu-tools-for-stm32.7-2018-q2-update.linux64_1.4.0.202007081208/tools/bin/../lib/gcc/arm-none-eabi/7.3.1/thumb/v7e-m/fpv4-sp/hard/crtbegin.o
 *(.init)
 .init          0x0000000008000b38        0x4 /opt/st/stm32cubeide_1.4.0/plugins/com.st.stm32cube.ide.mcu.externaltools.gnu-tools-for-stm32.7-2018-q2-update.linux64_1.4.0.202007081208/tools/bin/../lib/gcc/arm-none-eabi/7.3.1/thumb/v7e-m/fpv4-sp/hard/crti.o
                0x0000000008000b38                _init
 .init          0x0000000008000b3c        0x8 /opt/st/stm32cubeide_1.4.0/plugins/com.st.stm32cube.ide.mcu.externaltools.gnu-tools-for-stm32.7-2018-q2-update.linux64_1.4.0.202007081208/tools/bin/../lib/gcc/arm-none-eabi/7.3.1/thumb/v7e-m/fpv4-sp/hard/crtn.o
 *(.fini)
 .fini          0x0000000008000b44        0x4 /opt/st/stm32cubeide_1.4.0/plugins/com.st.stm32cube.ide.mcu.externaltools.gnu-tools-for-stm32.7-2018-q2-update.linux64_1.4.0.202007081208/tools/bin/../lib/gcc/arm-none-eabi/7.3.1/thumb/v7e-m/fpv4-sp/hard/crti.o
                0x0000000008000b44                _fini
 .fini          0x0000000008000b48        0x8 /opt/st/stm32cubeide_1.4.0/plugins/com.st.stm32cube.ide.mcu.externaltools.gnu-tools-for-stm32.7-2018-q2-update.linux64_1.4.0.202007081208/tools/bin/../lib/gcc/arm-none-eabi/7.3.1/thumb/v7e-m/fpv4-sp/hard/crtn.o
                0x0000000008000b50                . = ALIGN (0x4)
                0x0000000008000b50                _etext = .

.vfp11_veneer   0x0000000008000b50        0x0
 .vfp11_veneer  0x0000000008000b50        0x0 linker stubs

.v4_bx          0x0000000008000b50        0x0
 .v4_bx         0x0000000008000b50        0x0 linker stubs

.iplt           0x0000000008000b50        0x0
 .iplt          0x0000000008000b50        0x0 /opt/st/stm32cubeide_1.4.0/plugins/com.st.stm32cube.ide.mcu.externaltools.gnu-tools-for-stm32.7-2018-q2-update.linux64_1.4.0.202007081208/tools/bin/../lib/gcc/arm-none-eabi/7.3.1/thumb/v7e-m/fpv4-sp/hard/crtbegin.o

.rodata         0x0000000008000b50       0x10
                0x0000000008000b50                . = ALIGN (0x4)
 *(.rodata)
 .rodata        0x0000000008000b50        0xd Src/04spi_tx_arduino.o
 *(.rodata*)
                0x0000000008000b60                . = ALIGN (0x4)
 *fill*         0x0000000008000b5d        0x3 

.rel.dyn        0x0000000008000b60        0x0
 .rel.iplt      0x0000000008000b60        0x0 /opt/st/stm32cubeide_1.4.0/plugins/com.st.stm32cube.ide.mcu.externaltools.gnu-tools-for-stm32.7-2018-q2-update.linux64_1.4.0.202007081208/tools/bin/../lib/gcc/arm-none-eabi/7.3.1/thumb/v7e-m/fpv4-sp/hard/crtbegin.o

.ARM.extab      0x0000000008000b60        0x0
                0x0000000008000b60                . = ALIGN (0x4)
 *(.ARM.extab* .gnu.linkonce.armextab.*)
                0x0000000008000b60                . = ALIGN (0x4)

.ARM            0x0000000008000b60        0x0
                0x0000000008000b60                . = ALIGN (0x4)
                0x0000000008000b60                __exidx_start = .
 *(.ARM.exidx*)
                0x0000000008000b60                __exidx_end = .
                0x0000000008000b60                . = ALIGN (0x4)

.preinit_array  0x0000000008000b60        0x0
                0x0000000008000b60                . = ALIGN (0x4)
                0x0000000008000b60                PROVIDE (__preinit_array_start = .)
 *(.preinit_array*)
                0x0000000008000b60                PROVIDE (__preinit_array_end = .)
                0x0000000008000b60                . = ALIGN (0x4)

.init_array     0x0000000008000b60        0x4
                0x0000000008000b60                . = ALIGN (0x4)
                0x0000000008000b60                PROVIDE (__init_array_start = .)
 *(SORT_BY_NAME(.init_array.*))
 *(.init_array*)
 .init_array    0x0000000008000b60        0x4 /opt/st/stm32cubeide_1.4.0/plugins/com.st.stm32cube.ide.mcu.externaltools.gnu-tools-for-stm32.7-2018-q2-update.linux64_1.4.0.202007081208/tools/bin/../lib/gcc/arm-none-eabi/7.3.1/thumb/v7e-m/fpv4-sp/hard/crtbegin.o
                0x0000000008000b64                PROVIDE (__init_array_end = .)
                0x0000000008000b64                . = ALIGN (0x4)

.fini_array     0x0000000008000b64        0x4
                0x0000000008000b64                . = ALIGN (0x4)
                [!provide]                        PROVIDE (__fini_array_start = .)
 *(SORT_BY_NAME(.fini_array.*))
 *(.fini_array*)
 .fini_array    0x0000000008000b64        0x4 /opt/st/stm32cubeide_1.4.0/plugins/com.st.stm32cube.ide.mcu.externaltools.gnu-tools-for-stm32.7-2018-q2-update.linux64_1.4.0.202007081208/tools/bin/../lib/gcc/arm-none-eabi/7.3.1/thumb/v7e-m/fpv4-sp/hard/crtbegin.o
                [!provide]                        PROVIDE (__fini_array_end = .)
                0x0000000008000b68                . = ALIGN (0x4)
                0x0000000008000b68                _sidata = LOADADDR (.data)

.data           0x0000000020000000        0x0 load address 0x0000000008000b68
                0x0000000020000000                . = ALIGN (0x4)
                0x0000000020000000                _sdata = .
 *(.data)
 *(.data*)
                0x0000000020000000                . = ALIGN (0x4)
                0x0000000020000000                _edata = .

.igot.plt       0x0000000020000000        0x0 load address 0x0000000008000b68
 .igot.plt      0x0000000020000000        0x0 /opt/st/stm32cubeide_1.4.0/plugins/com.st.stm32cube.ide.mcu.externaltools.gnu-tools-for-stm32.7-2018-q2-update.linux64_1.4.0.202007081208/tools/bin/../lib/gcc/arm-none-eabi/7.3.1/thumb/v7e-m/fpv4-sp/hard/crtbegin.o
                0x0000000020000000                . = ALIGN (0x4)

.bss            0x0000000020000000       0x1c load address 0x0000000008000b68
                0x0000000020000000                _sbss = .
                0x0000000020000000                __bss_start__ = _sbss
 *(.bss)
 .bss           0x0000000020000000       0x1c /opt/st/stm32cubeide_1.4.0/plugins/com.st.stm32cube.ide.mcu.externaltools.gnu-tools-for-stm32.7-2018-q2-update.linux64_1.4.0.202007081208/tools/bin/../lib/gcc/arm-none-eabi/7.3.1/thumb/v7e-m/fpv4-sp/hard/crtbegin.o
 *(.bss*)
 *(COMMON)
                0x000000002000001c                . = ALIGN (0x4)
                0x000000002000001c                _ebss = .
                0x000000002000001c                __bss_end__ = _ebss

._user_heap_stack
                0x000000002000001c      0x604 load address 0x0000000008000b68
                0x0000000020000020                . = ALIGN (0x8)
 *fill*         0x000000002000001c        0x4 
                [!provide]                        PROVIDE (end = .)
                [!provide]                        PROVIDE (_end = .)
                0x0000000020000220                . = (. + _Min_Heap_Size)
 *fill*         0x0000000020000020      0x200 
                0x0000000020000620                . = (. + _Min_Stack_Size)
 *fill*         0x0000000020000220      0x400 
                0x0000000020000620                . = ALIGN (0x8)

/DISCARD/
 libc.a(*)
 libm.a(*)
 libgcc.a(*)

.ARM.attributes
                0x0000000000000000       0x30
 *(.ARM.attributes)
 .ARM.attributes
                0x0000000000000000       0x22 /opt/st/stm32cubeide_1.4.0/plugins/com.st.stm32cube.ide.mcu.externaltools.gnu-tools-for-stm32.7-2018-q2-update.linux64_1.4.0.202007081208/tools/bin/../lib/gcc/arm-none-eabi/7.3.1/thumb/v7e-m/fpv4-sp/hard/crti.o
 .ARM.attributes
                0x0000000000000022       0x34 /opt/st/stm32cubeide_1.4.0/plugins/com.st.stm32cube.ide.mcu.externaltools.gnu-tools-for-stm32.7-2018-q2-update.linux64_1.4.0.202007081208/tools/bin/../lib/gcc/arm-none-eabi/7.3.1/thumb/v7e-m/fpv4-sp/hard/crtbegin.o
 .ARM.attributes
                0x0000000000000056       0x39 Src/04spi_tx_arduino.o
 .ARM.attributes
                0x000000000000008f       0x21 Startup/startup_stm32f411retx.o
 .ARM.attributes
                0x00000000000000b0       0x39 drivers/src/nucleof41xx_gpio_driver.o
 .ARM.attributes
                0x00000000000000e9       0x39 drivers/src/nucleof41xx_spi_driver.o
 .ARM.attributes
                0x0000000000000122       0x34 /opt/st/stm32cubeide_1.4.0/plugins/com.st.stm32cube.ide.mcu.externaltools.gnu-tools-for-stm32.7-2018-q2-update.linux64_1.4.0.202007081208/tools/bin/../lib/gcc/arm-none-eabi/7.3.1/../../../../arm-none-eabi/lib/thumb/v7e-m/fpv4-sp/hard/libc_nano.a(lib_a-init.o)
 .ARM.attributes
                0x0000000000000156       0x1b /opt/st/stm32cubeide_1.4.0/plugins/com.st.stm32cube.ide.mcu.externaltools.gnu-tools-for-stm32.7-2018-q2-update.linux64_1.4.0.202007081208/tools/bin/../lib/gcc/arm-none-eabi/7.3.1/../../../../arm-none-eabi/lib/thumb/v7e-m/fpv4-sp/hard/libc_nano.a(lib_a-strlen.o)
 .ARM.attributes
                0x0000000000000171       0x22 /opt/st/stm32cubeide_1.4.0/plugins/com.st.stm32cube.ide.mcu.externaltools.gnu-tools-for-stm32.7-2018-q2-update.linux64_1.4.0.202007081208/tools/bin/../lib/gcc/arm-none-eabi/7.3.1/thumb/v7e-m/fpv4-sp/hard/crtn.o
OUTPUT(nucleof41xx_drivers.elf elf32-littlearm)

.debug_info     0x0000000000000000     0x2b8a
 .debug_info    0x0000000000000000      0xc27 Src/04spi_tx_arduino.o
 .debug_info    0x0000000000000c27       0x22 Startup/startup_stm32f411retx.o
 .debug_info    0x0000000000000c49      0xf1a drivers/src/nucleof41xx_gpio_driver.o
 .debug_info    0x0000000000001b63     0x1027 drivers/src/nucleof41xx_spi_driver.o

.debug_abbrev   0x0000000000000000      0x695
 .debug_abbrev  0x0000000000000000      0x1c7 Src/04spi_tx_arduino.o
 .debug_abbrev  0x00000000000001c7       0x12 Startup/startup_stm32f411retx.o
 .debug_abbrev  0x00000000000001d9      0x240 drivers/src/nucleof41xx_gpio_driver.o
 .debug_abbrev  0x0000000000000419      0x27c drivers/src/nucleof41xx_spi_driver.o

.debug_aranges  0x0000000000000000      0x198
 .debug_aranges
                0x0000000000000000       0x40 Src/04spi_tx_arduino.o
 .debug_aranges
                0x0000000000000040       0x28 Startup/startup_stm32f411retx.o
 .debug_aranges
                0x0000000000000068       0x70 drivers/src/nucleof41xx_gpio_driver.o
 .debug_aranges
                0x00000000000000d8       0xc0 drivers/src/nucleof41xx_spi_driver.o

.debug_ranges   0x0000000000000000      0x160
 .debug_ranges  0x0000000000000000       0x30 Src/04spi_tx_arduino.o
 .debug_ranges  0x0000000000000030       0x20 Startup/startup_stm32f411retx.o
 .debug_ranges  0x0000000000000050       0x60 drivers/src/nucleof41xx_gpio_driver.o
 .debug_ranges  0x00000000000000b0       0xb0 drivers/src/nucleof41xx_spi_driver.o

.debug_macro    0x0000000000000000     0x2690
 .debug_macro   0x0000000000000000      0x18b Src/04spi_tx_arduino.o
 .debug_macro   0x000000000000018b      0xa66 Src/04spi_tx_arduino.o
 .debug_macro   0x0000000000000bf1      0x174 Src/04spi_tx_arduino.o
 .debug_macro   0x0000000000000d65       0x22 Src/04spi_tx_arduino.o
 .debug_macro   0x0000000000000d87       0x8e Src/04spi_tx_arduino.o
 .debug_macro   0x0000000000000e15       0x51 Src/04spi_tx_arduino.o
 .debug_macro   0x0000000000000e66       0xef Src/04spi_tx_arduino.o
 .debug_macro   0x0000000000000f55       0x6a Src/04spi_tx_arduino.o
 .debug_macro   0x0000000000000fbf      0x1df Src/04spi_tx_arduino.o
 .debug_macro   0x000000000000119e       0x46 Src/04spi_tx_arduino.o
 .debug_macro   0x00000000000011e4       0x18 Src/04spi_tx_arduino.o
 .debug_macro   0x00000000000011fc       0x3c Src/04spi_tx_arduino.o
 .debug_macro   0x0000000000001238       0x34 Src/04spi_tx_arduino.o
 .debug_macro   0x000000000000126c       0x52 Src/04spi_tx_arduino.o
 .debug_macro   0x00000000000012be       0x1f Src/04spi_tx_arduino.o
 .debug_macro   0x00000000000012dd       0x43 Src/04spi_tx_arduino.o
 .debug_macro   0x0000000000001320       0x20 Src/04spi_tx_arduino.o
 .debug_macro   0x0000000000001340      0x1a3 Src/04spi_tx_arduino.o
 .debug_macro   0x00000000000014e3      0x330 Src/04spi_tx_arduino.o
 .debug_macro   0x0000000000001813       0x10 Src/04spi_tx_arduino.o
 .debug_macro   0x0000000000001823       0x35 Src/04spi_tx_arduino.o
 .debug_macro   0x0000000000001858       0x20 Src/04spi_tx_arduino.o
 .debug_macro   0x0000000000001878      0x6f0 Src/04spi_tx_arduino.o
 .debug_macro   0x0000000000001f68       0xc4 Src/04spi_tx_arduino.o
 .debug_macro   0x000000000000202c       0xc4 Src/04spi_tx_arduino.o
 .debug_macro   0x00000000000020f0       0xd6 Src/04spi_tx_arduino.o
 .debug_macro   0x00000000000021c6      0x106 Src/04spi_tx_arduino.o
 .debug_macro   0x00000000000022cc      0x183 drivers/src/nucleof41xx_gpio_driver.o
 .debug_macro   0x000000000000244f       0xbe drivers/src/nucleof41xx_gpio_driver.o
 .debug_macro   0x000000000000250d      0x183 drivers/src/nucleof41xx_spi_driver.o

.debug_line     0x0000000000000000     0x162b
 .debug_line    0x0000000000000000      0x61c Src/04spi_tx_arduino.o
 .debug_line    0x000000000000061c       0x85 Startup/startup_stm32f411retx.o
 .debug_line    0x00000000000006a1      0x77c drivers/src/nucleof41xx_gpio_driver.o
 .debug_line    0x0000000000000e1d      0x80e drivers/src/nucleof41xx_spi_driver.o

.debug_str      0x0000000000000000     0x9b89
 .debug_str     0x0000000000000000     0x96ce Src/04spi_tx_arduino.o
                                       0x9949 (size before relaxing)
 .debug_str     0x00000000000096ce       0x31 Startup/startup_stm32f411retx.o
                                         0x66 (size before relaxing)
 .debug_str     0x00000000000096ff      0x2a8 drivers/src/nucleof41xx_gpio_driver.o
                                       0x9aa0 (size before relaxing)
 .debug_str     0x00000000000099a7      0x1e2 drivers/src/nucleof41xx_spi_driver.o
                                       0x9b06 (size before relaxing)

.comment        0x0000000000000000       0x7b
 .comment       0x0000000000000000       0x7b Src/04spi_tx_arduino.o
                                         0x7c (size before relaxing)
 .comment       0x000000000000007b       0x7c drivers/src/nucleof41xx_gpio_driver.o
 .comment       0x000000000000007b       0x7c drivers/src/nucleof41xx_spi_driver.o

.debug_frame    0x0000000000000000      0x5f4
 .debug_frame   0x0000000000000000       0xc4 Src/04spi_tx_arduino.o
 .debug_frame   0x00000000000000c4      0x1c8 drivers/src/nucleof41xx_gpio_driver.o
 .debug_frame   0x000000000000028c      0x33c drivers/src/nucleof41xx_spi_driver.o
 .debug_frame   0x00000000000005c8       0x2c /opt/st/stm32cubeide_1.4.0/plugins/com.st.stm32cube.ide.mcu.externaltools.gnu-tools-for-stm32.7-2018-q2-update.linux64_1.4.0.202007081208/tools/bin/../lib/gcc/arm-none-eabi/7.3.1/../../../../arm-none-eabi/lib/thumb/v7e-m/fpv4-sp/hard/libc_nano.a(lib_a-init.o)
